digraph "a bcd \" \ 
 
 
 h ij < > { } | &#92;"
{
    subgraph "a bcd \" \ 
 
 
 h ij < > { } | &#92;"
    {
    }

    subgraph "cluster a bcd \" \ 
 
 
 h ij < > { } | &#92;"
    {
    }

    "a bcd \" \ 
 
 
 h ij < > { } | &#92;"

    "a bcd \" \ 
 
 
 h ij < > { } | &#92;" -> "a bcd \" \ 
 
 
 h ij < > { } | &#92;"
}
