{
  "_background": {
    "Key": "_background",
    "CompatibleElements": "Graph",
    "CompatibleLayoutEngines": "Any",
    "CompatibleOutputs": "Any"
  },
  "area": {
    "Key": "area",
    "CompatibleElements": "Cluster, Node",
    "CompatibleLayoutEngines": "Patchwork",
    "CompatibleOutputs": "Any"
  },
  "arrowhead": {
    "Key": "arrowhead",
    "CompatibleElements": "Edge",
    "CompatibleLayoutEngines": "Any",
    "CompatibleOutputs": "Any"
  },
  "arrowsize": {
    "Key": "arrowsize",
    "CompatibleElements": "Edge",
    "CompatibleLayoutEngines": "Any",
    "CompatibleOutputs": "Any"
  },
  "arrowtail": {
    "Key": "arrowtail",
    "CompatibleElements": "Edge",
    "CompatibleLayoutEngines": "Any",
    "CompatibleOutputs": "Any"
  },
  "bb": {
    "Key": "bb",
    "CompatibleElements": "Graph, Cluster",
    "CompatibleLayoutEngines": "None",
    "CompatibleOutputs": "Any"
  },
  "beautify": {
    "Key": "beautify",
    "CompatibleElements": "Graph",
    "CompatibleLayoutEngines": "Sfdp",
    "CompatibleOutputs": "Any"
  },
  "bgcolor": {
    "Key": "bgcolor",
    "CompatibleElements": "Graph, Cluster",
    "CompatibleLayoutEngines": "Any",
    "CompatibleOutputs": "Any"
  },
  "center": {
    "Key": "center",
    "CompatibleElements": "Graph",
    "CompatibleLayoutEngines": "Any",
    "CompatibleOutputs": "Any"
  },
  "charset": {
    "Key": "charset",
    "CompatibleElements": "Graph",
    "CompatibleLayoutEngines": "Any",
    "CompatibleOutputs": "Any"
  },
  "class": {
    "Key": "class",
    "CompatibleElements": "Graph, Cluster, Node, Edge",
    "CompatibleLayoutEngines": "Any",
    "CompatibleOutputs": "Svg"
  },
  "cluster": {
    "Key": "cluster",
    "CompatibleElements": "Subgraph, Cluster",
    "CompatibleLayoutEngines": "Any",
    "CompatibleOutputs": "Any"
  },
  "clusterrank": {
    "Key": "clusterrank",
    "CompatibleElements": "Graph",
    "CompatibleLayoutEngines": "Dot",
    "CompatibleOutputs": "Any"
  },
  "color": {
    "Key": "color",
    "CompatibleElements": "Graph, Cluster, Node, Edge",
    "CompatibleLayoutEngines": "Any",
    "CompatibleOutputs": "Any"
  },
  "colorscheme": {
    "Key": "colorscheme",
    "CompatibleElements": "Graph, Cluster, Node, Edge",
    "CompatibleLayoutEngines": "Any",
    "CompatibleOutputs": "Any"
  },
  "comment": {
    "Key": "comment",
    "CompatibleElements": "Graph, Node, Edge",
    "CompatibleLayoutEngines": "Any",
    "CompatibleOutputs": "Any"
  },
  "compound": {
    "Key": "compound",
    "CompatibleElements": "Graph",
    "CompatibleLayoutEngines": "Dot",
    "CompatibleOutputs": "Any"
  },
  "concentrate": {
    "Key": "concentrate",
    "CompatibleElements": "Graph",
    "CompatibleLayoutEngines": "Any",
    "CompatibleOutputs": "Any"
  },
  "constraint": {
    "Key": "constraint",
    "CompatibleElements": "Edge",
    "CompatibleLayoutEngines": "Dot",
    "CompatibleOutputs": "Any"
  },
  "Damping": {
    "Key": "Damping",
    "CompatibleElements": "Graph",
    "CompatibleLayoutEngines": "Neato",
    "CompatibleOutputs": "Any"
  },
  "decorate": {
    "Key": "decorate",
    "CompatibleElements": "Edge",
    "CompatibleLayoutEngines": "Any",
    "CompatibleOutputs": "Any"
  },
  "defaultdist": {
    "Key": "defaultdist",
    "CompatibleElements": "Graph",
    "CompatibleLayoutEngines": "Neato",
    "CompatibleOutputs": "Any"
  },
  "dim": {
    "Key": "dim",
    "CompatibleElements": "Graph",
    "CompatibleLayoutEngines": "Neato, Fdp, Sfdp",
    "CompatibleOutputs": "Any"
  },
  "dimen": {
    "Key": "dimen",
    "CompatibleElements": "Graph",
    "CompatibleLayoutEngines": "Neato, Fdp, Sfdp",
    "CompatibleOutputs": "Any"
  },
  "dir": {
    "Key": "dir",
    "CompatibleElements": "Edge",
    "CompatibleLayoutEngines": "Any",
    "CompatibleOutputs": "Any"
  },
  "diredgeconstraints": {
    "Key": "diredgeconstraints",
    "CompatibleElements": "Graph",
    "CompatibleLayoutEngines": "Neato",
    "CompatibleOutputs": "Any"
  },
  "distortion": {
    "Key": "distortion",
    "CompatibleElements": "Node",
    "CompatibleLayoutEngines": "Any",
    "CompatibleOutputs": "Any"
  },
  "dpi": {
    "Key": "dpi",
    "CompatibleElements": "Graph",
    "CompatibleLayoutEngines": "Any",
    "CompatibleOutputs": "Bitmap, Svg"
  },
  "edgehref": {
    "Key": "edgehref",
    "CompatibleElements": "Edge",
    "CompatibleLayoutEngines": "Any",
    "CompatibleOutputs": "Svg, Map"
  },
  "edgetarget": {
    "Key": "edgetarget",
    "CompatibleElements": "Edge",
    "CompatibleLayoutEngines": "Any",
    "CompatibleOutputs": "Svg, Map"
  },
  "edgetooltip": {
    "Key": "edgetooltip",
    "CompatibleElements": "Edge",
    "CompatibleLayoutEngines": "Any",
    "CompatibleOutputs": "Svg, Cmap"
  },
  "edgeURL": {
    "Key": "edgeURL",
    "CompatibleElements": "Edge",
    "CompatibleLayoutEngines": "Any",
    "CompatibleOutputs": "Svg, Map"
  },
  "epsilon": {
    "Key": "epsilon",
    "CompatibleElements": "Graph",
    "CompatibleLayoutEngines": "Neato",
    "CompatibleOutputs": "Any"
  },
  "esep": {
    "Key": "esep",
    "CompatibleElements": "Graph",
    "CompatibleLayoutEngines": "NotDot",
    "CompatibleOutputs": "Any"
  },
  "fillcolor": {
    "Key": "fillcolor",
    "CompatibleElements": "Graph, Cluster, Node, Edge",
    "CompatibleLayoutEngines": "Any",
    "CompatibleOutputs": "Any"
  },
  "fixedsize": {
    "Key": "fixedsize",
    "CompatibleElements": "Node",
    "CompatibleLayoutEngines": "Any",
    "CompatibleOutputs": "Any"
  },
  "fontcolor": {
    "Key": "fontcolor",
    "CompatibleElements": "Graph, Cluster, Node, Edge",
    "CompatibleLayoutEngines": "Any",
    "CompatibleOutputs": "Any"
  },
  "fontname": {
    "Key": "fontname",
    "CompatibleElements": "Graph, Cluster, Node, Edge",
    "CompatibleLayoutEngines": "Any",
    "CompatibleOutputs": "Any"
  },
  "fontnames": {
    "Key": "fontnames",
    "CompatibleElements": "Graph",
    "CompatibleLayoutEngines": "Any",
    "CompatibleOutputs": "Svg"
  },
  "fontpath": {
    "Key": "fontpath",
    "CompatibleElements": "Graph",
    "CompatibleLayoutEngines": "Any",
    "CompatibleOutputs": "Any"
  },
  "fontsize": {
    "Key": "fontsize",
    "CompatibleElements": "Graph, Cluster, Node, Edge",
    "CompatibleLayoutEngines": "Any",
    "CompatibleOutputs": "Any"
  },
  "forcelabels": {
    "Key": "forcelabels",
    "CompatibleElements": "Graph",
    "CompatibleLayoutEngines": "Any",
    "CompatibleOutputs": "Any"
  },
  "gradientangle": {
    "Key": "gradientangle",
    "CompatibleElements": "Graph, Cluster, Node",
    "CompatibleLayoutEngines": "Any",
    "CompatibleOutputs": "Any"
  },
  "group": {
    "Key": "group",
    "CompatibleElements": "Node",
    "CompatibleLayoutEngines": "Dot",
    "CompatibleOutputs": "Any"
  },
  "head_lp": {
    "Key": "head_lp",
    "CompatibleElements": "Edge",
    "CompatibleLayoutEngines": "None",
    "CompatibleOutputs": "Any"
  },
  "headclip": {
    "Key": "headclip",
    "CompatibleElements": "Edge",
    "CompatibleLayoutEngines": "Any",
    "CompatibleOutputs": "Any"
  },
  "headhref": {
    "Key": "headhref",
    "CompatibleElements": "Edge",
    "CompatibleLayoutEngines": "Any",
    "CompatibleOutputs": "Svg, Map"
  },
  "headlabel": {
    "Key": "headlabel",
    "CompatibleElements": "Edge",
    "CompatibleLayoutEngines": "Any",
    "CompatibleOutputs": "Any"
  },
  "headport": {
    "Key": "headport",
    "CompatibleElements": "Edge",
    "CompatibleLayoutEngines": "Any",
    "CompatibleOutputs": "Any"
  },
  "headtarget": {
    "Key": "headtarget",
    "CompatibleElements": "Edge",
    "CompatibleLayoutEngines": "Any",
    "CompatibleOutputs": "Svg, Map"
  },
  "headtooltip": {
    "Key": "headtooltip",
    "CompatibleElements": "Edge",
    "CompatibleLayoutEngines": "Any",
    "CompatibleOutputs": "Svg, Cmap"
  },
  "headURL": {
    "Key": "headURL",
    "CompatibleElements": "Edge",
    "CompatibleLayoutEngines": "Any",
    "CompatibleOutputs": "Svg, Map"
  },
  "height": {
    "Key": "height",
    "CompatibleElements": "Node",
    "CompatibleLayoutEngines": "Any",
    "CompatibleOutputs": "Any"
  },
  "href": {
    "Key": "href",
    "CompatibleElements": "Graph, Cluster, Node, Edge",
    "CompatibleLayoutEngines": "Any",
    "CompatibleOutputs": "Svg, Map, PostScript"
  },
  "id": {
    "Key": "id",
    "CompatibleElements": "Graph, Cluster, Node, Edge",
    "CompatibleLayoutEngines": "Any",
    "CompatibleOutputs": "Svg, Map, PostScript"
  },
  "image": {
    "Key": "image",
    "CompatibleElements": "Node",
    "CompatibleLayoutEngines": "Any",
    "CompatibleOutputs": "Any"
  },
  "imagepath": {
    "Key": "imagepath",
    "CompatibleElements": "Graph",
    "CompatibleLayoutEngines": "Any",
    "CompatibleOutputs": "Any"
  },
  "imagepos": {
    "Key": "imagepos",
    "CompatibleElements": "Node",
    "CompatibleLayoutEngines": "Any",
    "CompatibleOutputs": "Any"
  },
  "imagescale": {
    "Key": "imagescale",
    "CompatibleElements": "Node",
    "CompatibleLayoutEngines": "Any",
    "CompatibleOutputs": "Any"
  },
  "inputscale": {
    "Key": "inputscale",
    "CompatibleElements": "Graph",
    "CompatibleLayoutEngines": "Neato, Fdp",
    "CompatibleOutputs": "Any"
  },
  "K": {
    "Key": "K",
    "CompatibleElements": "Graph, Cluster",
    "CompatibleLayoutEngines": "Fdp, Sfdp",
    "CompatibleOutputs": "Any"
  },
  "label": {
    "Key": "label",
    "CompatibleElements": "Graph, Cluster, Node, Edge",
    "CompatibleLayoutEngines": "Any",
    "CompatibleOutputs": "Any"
  },
  "label_scheme": {
    "Key": "label_scheme",
    "CompatibleElements": "Graph",
    "CompatibleLayoutEngines": "Sfdp",
    "CompatibleOutputs": "Any"
  },
  "labelangle": {
    "Key": "labelangle",
    "CompatibleElements": "Edge",
    "CompatibleLayoutEngines": "Any",
    "CompatibleOutputs": "Any"
  },
  "labeldistance": {
    "Key": "labeldistance",
    "CompatibleElements": "Edge",
    "CompatibleLayoutEngines": "Any",
    "CompatibleOutputs": "Any"
  },
  "labelfloat": {
    "Key": "labelfloat",
    "CompatibleElements": "Edge",
    "CompatibleLayoutEngines": "Any",
    "CompatibleOutputs": "Any"
  },
  "labelfontcolor": {
    "Key": "labelfontcolor",
    "CompatibleElements": "Edge",
    "CompatibleLayoutEngines": "Any",
    "CompatibleOutputs": "Any"
  },
  "labelfontname": {
    "Key": "labelfontname",
    "CompatibleElements": "Edge",
    "CompatibleLayoutEngines": "Any",
    "CompatibleOutputs": "Any"
  },
  "labelfontsize": {
    "Key": "labelfontsize",
    "CompatibleElements": "Edge",
    "CompatibleLayoutEngines": "Any",
    "CompatibleOutputs": "Any"
  },
  "labelhref": {
    "Key": "labelhref",
    "CompatibleElements": "Edge",
    "CompatibleLayoutEngines": "Any",
    "CompatibleOutputs": "Svg, Map"
  },
  "labeljust": {
    "Key": "labeljust",
    "CompatibleElements": "Graph, Cluster",
    "CompatibleLayoutEngines": "Any",
    "CompatibleOutputs": "Any"
  },
  "labelloc": {
    "Key": "labelloc",
    "CompatibleElements": "Graph, Cluster, Node",
    "CompatibleLayoutEngines": "Any",
    "CompatibleOutputs": "Any"
  },
  "labeltarget": {
    "Key": "labeltarget",
    "CompatibleElements": "Edge",
    "CompatibleLayoutEngines": "Any",
    "CompatibleOutputs": "Svg, Map"
  },
  "labeltooltip": {
    "Key": "labeltooltip",
    "CompatibleElements": "Edge",
    "CompatibleLayoutEngines": "Any",
    "CompatibleOutputs": "Svg, Cmap"
  },
  "labelURL": {
    "Key": "labelURL",
    "CompatibleElements": "Edge",
    "CompatibleLayoutEngines": "Any",
    "CompatibleOutputs": "Svg, Map"
  },
  "landscape": {
    "Key": "landscape",
    "CompatibleElements": "Graph",
    "CompatibleLayoutEngines": "Any",
    "CompatibleOutputs": "Any"
  },
  "layer": {
    "Key": "layer",
    "CompatibleElements": "Cluster, Node, Edge",
    "CompatibleLayoutEngines": "Any",
    "CompatibleOutputs": "Any"
  },
  "layerlistsep": {
    "Key": "layerlistsep",
    "CompatibleElements": "Graph",
    "CompatibleLayoutEngines": "Any",
    "CompatibleOutputs": "Any"
  },
  "layers": {
    "Key": "layers",
    "CompatibleElements": "Graph",
    "CompatibleLayoutEngines": "Any",
    "CompatibleOutputs": "Any"
  },
  "layerselect": {
    "Key": "layerselect",
    "CompatibleElements": "Graph",
    "CompatibleLayoutEngines": "Any",
    "CompatibleOutputs": "Any"
  },
  "layersep": {
    "Key": "layersep",
    "CompatibleElements": "Graph",
    "CompatibleLayoutEngines": "Any",
    "CompatibleOutputs": "Any"
  },
  "layout": {
    "Key": "layout",
    "CompatibleElements": "Graph",
    "CompatibleLayoutEngines": "Any",
    "CompatibleOutputs": "Any"
  },
  "len": {
    "Key": "len",
    "CompatibleElements": "Edge",
    "CompatibleLayoutEngines": "Neato, Fdp",
    "CompatibleOutputs": "Any"
  },
  "levels": {
    "Key": "levels",
    "CompatibleElements": "Graph",
    "CompatibleLayoutEngines": "Sfdp",
    "CompatibleOutputs": "Any"
  },
  "levelsgap": {
    "Key": "levelsgap",
    "CompatibleElements": "Graph",
    "CompatibleLayoutEngines": "Neato",
    "CompatibleOutputs": "Any"
  },
  "lhead": {
    "Key": "lhead",
    "CompatibleElements": "Edge",
    "CompatibleLayoutEngines": "Dot",
    "CompatibleOutputs": "Any"
  },
  "lheight": {
    "Key": "lheight",
    "CompatibleElements": "Graph, Cluster",
    "CompatibleLayoutEngines": "None",
    "CompatibleOutputs": "Any"
  },
  "linelength": {
    "Key": "linelength",
    "CompatibleElements": "Graph",
    "CompatibleLayoutEngines": "None",
    "CompatibleOutputs": "Text"
  },
  "lp": {
    "Key": "lp",
    "CompatibleElements": "Graph, Cluster, Edge",
    "CompatibleLayoutEngines": "None",
    "CompatibleOutputs": "Any"
  },
  "ltail": {
    "Key": "ltail",
    "CompatibleElements": "Edge",
    "CompatibleLayoutEngines": "Dot",
    "CompatibleOutputs": "Any"
  },
  "lwidth": {
    "Key": "lwidth",
    "CompatibleElements": "Graph, Cluster",
    "CompatibleLayoutEngines": "None",
    "CompatibleOutputs": "Any"
  },
  "margin": {
    "Key": "margin",
    "CompatibleElements": "Graph, Cluster, Node",
    "CompatibleLayoutEngines": "Any",
    "CompatibleOutputs": "Any"
  },
  "maxiter": {
    "Key": "maxiter",
    "CompatibleElements": "Graph",
    "CompatibleLayoutEngines": "Neato, Fdp",
    "CompatibleOutputs": "Any"
  },
  "mclimit": {
    "Key": "mclimit",
    "CompatibleElements": "Graph",
    "CompatibleLayoutEngines": "Dot",
    "CompatibleOutputs": "Any"
  },
  "mindist": {
    "Key": "mindist",
    "CompatibleElements": "Graph",
    "CompatibleLayoutEngines": "Circo",
    "CompatibleOutputs": "Any"
  },
  "minlen": {
    "Key": "minlen",
    "CompatibleElements": "Edge",
    "CompatibleLayoutEngines": "Dot",
    "CompatibleOutputs": "Any"
  },
  "mode": {
    "Key": "mode",
    "CompatibleElements": "Graph",
    "CompatibleLayoutEngines": "Neato",
    "CompatibleOutputs": "Any"
  },
  "model": {
    "Key": "model",
    "CompatibleElements": "Graph",
    "CompatibleLayoutEngines": "Neato",
    "CompatibleOutputs": "Any"
  },
  "mosek": {
    "Key": "mosek",
    "CompatibleElements": "Graph",
    "CompatibleLayoutEngines": "Neato",
    "CompatibleOutputs": "Any"
  },
  "newrank": {
    "Key": "newrank",
    "CompatibleElements": "Graph",
    "CompatibleLayoutEngines": "Dot",
    "CompatibleOutputs": "Any"
  },
  "nodesep": {
    "Key": "nodesep",
    "CompatibleElements": "Graph",
    "CompatibleLayoutEngines": "Any",
    "CompatibleOutputs": "Any"
  },
  "nojustify": {
    "Key": "nojustify",
    "CompatibleElements": "Graph, Cluster, Node, Edge",
    "CompatibleLayoutEngines": "Any",
    "CompatibleOutputs": "Any"
  },
  "normalize": {
    "Key": "normalize",
    "CompatibleElements": "Graph",
    "CompatibleLayoutEngines": "NotDot",
    "CompatibleOutputs": "Any"
  },
  "notranslate": {
    "Key": "notranslate",
    "CompatibleElements": "Graph",
    "CompatibleLayoutEngines": "Neato",
    "CompatibleOutputs": "Any"
  },
  "nslimit": {
    "Key": "nslimit",
    "CompatibleElements": "Graph",
    "CompatibleLayoutEngines": "Dot",
    "CompatibleOutputs": "Any"
  },
  "nslimit1": {
    "Key": "nslimit1",
    "CompatibleElements": "Graph",
    "CompatibleLayoutEngines": "Dot",
    "CompatibleOutputs": "Any"
  },
  "oneblock": {
    "Key": "oneblock",
    "CompatibleElements": "Graph",
    "CompatibleLayoutEngines": "Circo",
    "CompatibleOutputs": "Any"
  },
  "ordering": {
    "Key": "ordering",
    "CompatibleElements": "Graph, Node",
    "CompatibleLayoutEngines": "Dot",
    "CompatibleOutputs": "Any"
  },
  "orientation": {
    "Key": "orientation",
    "CompatibleElements": "Graph, Node",
    "CompatibleLayoutEngines": "Any",
    "CompatibleOutputs": "Any"
  },
  "outputorder": {
    "Key": "outputorder",
    "CompatibleElements": "Graph",
    "CompatibleLayoutEngines": "Any",
    "CompatibleOutputs": "Any"
  },
  "overlap": {
    "Key": "overlap",
    "CompatibleElements": "Graph",
    "CompatibleLayoutEngines": "NotDot",
    "CompatibleOutputs": "Any"
  },
  "overlap_scaling": {
    "Key": "overlap_scaling",
    "CompatibleElements": "Graph",
    "CompatibleLayoutEngines": "Prism",
    "CompatibleOutputs": "Any"
  },
  "overlap_shrink": {
    "Key": "overlap_shrink",
    "CompatibleElements": "Graph",
    "CompatibleLayoutEngines": "Prism",
    "CompatibleOutputs": "Any"
  },
  "pack": {
    "Key": "pack",
    "CompatibleElements": "Graph",
    "CompatibleLayoutEngines": "Any",
    "CompatibleOutputs": "Any"
  },
  "packmode": {
    "Key": "packmode",
    "CompatibleElements": "Graph",
    "CompatibleLayoutEngines": "Any",
    "CompatibleOutputs": "Any"
  },
  "pad": {
    "Key": "pad",
    "CompatibleElements": "Graph",
    "CompatibleLayoutEngines": "Any",
    "CompatibleOutputs": "Any"
  },
  "page": {
    "Key": "page",
    "CompatibleElements": "Graph",
    "CompatibleLayoutEngines": "Any",
    "CompatibleOutputs": "Any"
  },
  "pagedir": {
    "Key": "pagedir",
    "CompatibleElements": "Graph",
    "CompatibleLayoutEngines": "Any",
    "CompatibleOutputs": "Any"
  },
  "pencolor": {
    "Key": "pencolor",
    "CompatibleElements": "Graph, Cluster",
    "CompatibleLayoutEngines": "Any",
    "CompatibleOutputs": "Any"
  },
  "penwidth": {
    "Key": "penwidth",
    "CompatibleElements": "Graph, Cluster, Node, Edge",
    "CompatibleLayoutEngines": "Any",
    "CompatibleOutputs": "Any"
  },
  "peripheries": {
    "Key": "peripheries",
    "CompatibleElements": "Cluster, Node",
    "CompatibleLayoutEngines": "Any",
    "CompatibleOutputs": "Any"
  },
  "pin": {
    "Key": "pin",
    "CompatibleElements": "Node",
    "CompatibleLayoutEngines": "Neato, Fdp",
    "CompatibleOutputs": "Any"
  },
  "pos": {
    "Key": "pos",
    "CompatibleElements": "Node, Edge",
    "CompatibleLayoutEngines": "Any",
    "CompatibleOutputs": "Any"
  },
  "quadtree": {
    "Key": "quadtree",
    "CompatibleElements": "Graph",
    "CompatibleLayoutEngines": "Sfdp",
    "CompatibleOutputs": "Any"
  },
  "quantum": {
    "Key": "quantum",
    "CompatibleElements": "Graph",
    "CompatibleLayoutEngines": "Any",
    "CompatibleOutputs": "Any"
  },
  "rank": {
    "Key": "rank",
    "CompatibleElements": "Graph, Subgraph, Cluster",
    "CompatibleLayoutEngines": "Dot",
    "CompatibleOutputs": "Any"
  },
  "rankdir": {
    "Key": "rankdir",
    "CompatibleElements": "Graph",
    "CompatibleLayoutEngines": "Dot",
    "CompatibleOutputs": "Any"
  },
  "ranksep": {
    "Key": "ranksep",
    "CompatibleElements": "Graph",
    "CompatibleLayoutEngines": "Dot, Twopi",
    "CompatibleOutputs": "Any"
  },
  "ratio": {
    "Key": "ratio",
    "CompatibleElements": "Graph",
    "CompatibleLayoutEngines": "Any",
    "CompatibleOutputs": "Any"
  },
  "rects": {
    "Key": "rects",
    "CompatibleElements": "Node",
    "CompatibleLayoutEngines": "None",
    "CompatibleOutputs": "Any"
  },
  "regular": {
    "Key": "regular",
    "CompatibleElements": "Node",
    "CompatibleLayoutEngines": "Any",
    "CompatibleOutputs": "Any"
  },
  "remincross": {
    "Key": "remincross",
    "CompatibleElements": "Graph",
    "CompatibleLayoutEngines": "Dot",
    "CompatibleOutputs": "Any"
  },
  "repulsiveforce": {
    "Key": "repulsiveforce",
    "CompatibleElements": "Graph",
    "CompatibleLayoutEngines": "Sfdp",
    "CompatibleOutputs": "Any"
  },
  "resolution": {
    "Key": "resolution",
    "CompatibleElements": "Graph",
    "CompatibleLayoutEngines": "Any",
    "CompatibleOutputs": "Bitmap, Svg"
  },
  "root": {
    "Key": "root",
    "CompatibleElements": "Graph, Node",
    "CompatibleLayoutEngines": "Circo, Twopi",
    "CompatibleOutputs": "Any"
  },
  "rotate": {
    "Key": "rotate",
    "CompatibleElements": "Graph",
    "CompatibleLayoutEngines": "Any",
    "CompatibleOutputs": "Any"
  },
  "rotation": {
    "Key": "rotation",
    "CompatibleElements": "Graph",
    "CompatibleLayoutEngines": "Sfdp",
    "CompatibleOutputs": "Any"
  },
  "samehead": {
    "Key": "samehead",
    "CompatibleElements": "Edge",
    "CompatibleLayoutEngines": "Dot",
    "CompatibleOutputs": "Any"
  },
  "sametail": {
    "Key": "sametail",
    "CompatibleElements": "Edge",
    "CompatibleLayoutEngines": "Dot",
    "CompatibleOutputs": "Any"
  },
  "samplepoints": {
    "Key": "samplepoints",
    "CompatibleElements": "Node",
    "CompatibleLayoutEngines": "Any",
    "CompatibleOutputs": "Any"
  },
  "scale": {
    "Key": "scale",
    "CompatibleElements": "Graph",
    "CompatibleLayoutEngines": "NotDot",
    "CompatibleOutputs": "Any"
  },
  "searchsize": {
    "Key": "searchsize",
    "CompatibleElements": "Graph",
    "CompatibleLayoutEngines": "Dot",
    "CompatibleOutputs": "Any"
  },
  "sep": {
    "Key": "sep",
    "CompatibleElements": "Graph",
    "CompatibleLayoutEngines": "Neato, Osage, Fdp, Sfdp, Circo, Twopi",
    "CompatibleOutputs": "Any"
  },
  "shape": {
    "Key": "shape",
    "CompatibleElements": "Node",
    "CompatibleLayoutEngines": "Any",
    "CompatibleOutputs": "Any"
  },
  "shapefile": {
    "Key": "shapefile",
    "CompatibleElements": "Node",
    "CompatibleLayoutEngines": "Any",
    "CompatibleOutputs": "Any"
  },
  "showboxes": {
    "Key": "showboxes",
    "CompatibleElements": "Graph, Node, Edge",
    "CompatibleLayoutEngines": "Dot",
    "CompatibleOutputs": "Any"
  },
  "sides": {
    "Key": "sides",
    "CompatibleElements": "Node",
    "CompatibleLayoutEngines": "Any",
    "CompatibleOutputs": "Any"
  },
  "size": {
    "Key": "size",
    "CompatibleElements": "Graph",
    "CompatibleLayoutEngines": "Any",
    "CompatibleOutputs": "Any"
  },
  "skew": {
    "Key": "skew",
    "CompatibleElements": "Node",
    "CompatibleLayoutEngines": "Any",
    "CompatibleOutputs": "Any"
  },
  "smoothing": {
    "Key": "smoothing",
    "CompatibleElements": "Graph",
    "CompatibleLayoutEngines": "Sfdp",
    "CompatibleOutputs": "Any"
  },
  "sortv": {
    "Key": "sortv",
    "CompatibleElements": "Graph, Cluster, Node",
    "CompatibleLayoutEngines": "Any",
    "CompatibleOutputs": "Any"
  },
  "splines": {
    "Key": "splines",
    "CompatibleElements": "Graph",
    "CompatibleLayoutEngines": "Any",
    "CompatibleOutputs": "Any"
  },
  "start": {
    "Key": "start",
    "CompatibleElements": "Graph",
    "CompatibleLayoutEngines": "Neato, Fdp",
    "CompatibleOutputs": "Any"
  },
  "style": {
    "Key": "style",
    "CompatibleElements": "Graph, Cluster, Node, Edge",
    "CompatibleLayoutEngines": "Any",
    "CompatibleOutputs": "Any"
  },
  "stylesheet": {
    "Key": "stylesheet",
    "CompatibleElements": "Graph",
    "CompatibleLayoutEngines": "Any",
    "CompatibleOutputs": "Svg"
  },
  "tail_lp": {
    "Key": "tail_lp",
    "CompatibleElements": "Edge",
    "CompatibleLayoutEngines": "None",
    "CompatibleOutputs": "Any"
  },
  "tailclip": {
    "Key": "tailclip",
    "CompatibleElements": "Edge",
    "CompatibleLayoutEngines": "Any",
    "CompatibleOutputs": "Any"
  },
  "tailhref": {
    "Key": "tailhref",
    "CompatibleElements": "Edge",
    "CompatibleLayoutEngines": "Any",
    "CompatibleOutputs": "Svg, Map"
  },
  "taillabel": {
    "Key": "taillabel",
    "CompatibleElements": "Edge",
    "CompatibleLayoutEngines": "Any",
    "CompatibleOutputs": "Any"
  },
  "tailport": {
    "Key": "tailport",
    "CompatibleElements": "Edge",
    "CompatibleLayoutEngines": "Any",
    "CompatibleOutputs": "Any"
  },
  "tailtarget": {
    "Key": "tailtarget",
    "CompatibleElements": "Edge",
    "CompatibleLayoutEngines": "Any",
    "CompatibleOutputs": "Svg, Map"
  },
  "tailtooltip": {
    "Key": "tailtooltip",
    "CompatibleElements": "Edge",
    "CompatibleLayoutEngines": "Any",
    "CompatibleOutputs": "Svg, Cmap"
  },
  "tailURL": {
    "Key": "tailURL",
    "CompatibleElements": "Edge",
    "CompatibleLayoutEngines": "Any",
    "CompatibleOutputs": "Svg, Map"
  },
  "target": {
    "Key": "target",
    "CompatibleElements": "Graph, Cluster, Node, Edge",
    "CompatibleLayoutEngines": "Any",
    "CompatibleOutputs": "Svg, Map"
  },
  "TBbalance": {
    "Key": "TBbalance",
    "CompatibleElements": "Graph",
    "CompatibleLayoutEngines": "Dot",
    "CompatibleOutputs": "Any"
  },
  "tooltip": {
    "Key": "tooltip",
    "CompatibleElements": "Graph, Cluster, Node, Edge",
    "CompatibleLayoutEngines": "Any",
    "CompatibleOutputs": "Svg, Cmap"
  },
  "truecolor": {
    "Key": "truecolor",
    "CompatibleElements": "Graph",
    "CompatibleLayoutEngines": "Any",
    "CompatibleOutputs": "Bitmap"
  },
  "URL": {
    "Key": "URL",
    "CompatibleElements": "Graph, Cluster, Node, Edge",
    "CompatibleLayoutEngines": "Any",
    "CompatibleOutputs": "Svg, Map, PostScript"
  },
  "vertices": {
    "Key": "vertices",
    "CompatibleElements": "Node",
    "CompatibleLayoutEngines": "None",
    "CompatibleOutputs": "Any"
  },
  "viewport": {
    "Key": "viewport",
    "CompatibleElements": "Graph",
    "CompatibleLayoutEngines": "Any",
    "CompatibleOutputs": "Any"
  },
  "voro_margin": {
    "Key": "voro_margin",
    "CompatibleElements": "Graph",
    "CompatibleLayoutEngines": "NotDot",
    "CompatibleOutputs": "Any"
  },
  "weight": {
    "Key": "weight",
    "CompatibleElements": "Edge",
    "CompatibleLayoutEngines": "Any",
    "CompatibleOutputs": "Any"
  },
  "width": {
    "Key": "width",
    "CompatibleElements": "Node",
    "CompatibleLayoutEngines": "Any",
    "CompatibleOutputs": "Any"
  },
  "xdotversion": {
    "Key": "xdotversion",
    "CompatibleElements": "Graph",
    "CompatibleLayoutEngines": "Any",
    "CompatibleOutputs": "Xdot"
  },
  "xlabel": {
    "Key": "xlabel",
    "CompatibleElements": "Node, Edge",
    "CompatibleLayoutEngines": "Any",
    "CompatibleOutputs": "Any"
  },
  "xlp": {
    "Key": "xlp",
    "CompatibleElements": "Node, Edge",
    "CompatibleLayoutEngines": "None",
    "CompatibleOutputs": "Any"
  },
  "z": {
    "Key": "z",
    "CompatibleElements": "Node",
    "CompatibleLayoutEngines": "Any",
    "CompatibleOutputs": "Any"
  }
}
