{
  "arrowhead": {
    "Edge": "Head.Arrowhead: DotArrowheadDefinition"
  },
  "arrowsize": {
    "Edge": "ArrowheadScaleFactor: Double?"
  },
  "arrowtail": {
    "Edge": "Tail.Arrowhead: DotArrowheadDefinition"
  },
  "bgcolor": {
    "Graph": "Canvas.BackgroundColor: DotColorDefinition",
    "Cluster": "BackgroundColor: DotColorDefinition"
  },
  "center": {
    "Graph": "Canvas.CenterDrawing: Boolean?"
  },
  "charset": {
    "Graph": "Charset: String"
  },
  "class": {
    "Graph": "SvgStyleSheet.Class: String",
    "Cluster": "SvgStyleSheet.Class: String",
    "Node": "SvgStyleSheet.Class: String",
    "Edge": "SvgStyleSheet.Class: String"
  },
  "cluster": {
    "Subgraph": "IsCluster: Boolean?",
    "Cluster": "IsCluster: Boolean?"
  },
  "clusterrank": {
    "Graph": "Clusters.VisualizationMode: DotClusterVisualizationMode?"
  },
  "color": {
    "Graph": "Clusters.Color: DotColorDefinition",
    "Cluster": "Color: DotColorDefinition",
    "Node": "Color: DotColorDefinition",
    "Edge": "Color: DotColorDefinition"
  },
  "colorscheme": {
    "Graph": "ColorScheme: String",
    "Cluster": "ColorScheme: String",
    "Node": "ColorScheme: String",
    "Edge": "ColorScheme: String"
  },
  "comment": {
    "Graph": "Comment: String",
    "Node": "Comment: String",
    "Edge": "Comment: String"
  },
  "compound": {
    "Graph": "Clusters.EnableEdgeClipping: Boolean?"
  },
  "concentrate": {
    "Graph": "Layout.ConcentrateEdges: Boolean?"
  },
  "constraint": {
    "Edge": "Constrain: Boolean?"
  },
  "decorate": {
    "Edge": "AttachLabel: Boolean?"
  },
  "dir": {
    "Edge": "Directions: DotEdgeDirections?"
  },
  "distortion": {
    "Node": "Geometry.Distortion: Double?"
  },
  "dpi": {
    "Graph": "Canvas.Dpi: Double?"
  },
  "edgehref": {
    "Edge": "EdgeHyperlink.Href: DotEscapeString"
  },
  "edgetarget": {
    "Edge": "EdgeHyperlink.Target: DotEscapeString"
  },
  "edgetooltip": {
    "Edge": "EdgeHyperlink.Tooltip: DotEscapeString"
  },
  "edgeURL": {
    "Edge": "EdgeHyperlink.Url: DotEscapeString"
  },
  "fillcolor": {
    "Graph": "Clusters.FillColor: DotColorDefinition",
    "Cluster": "FillColor: DotColorDefinition",
    "Node": "FillColor: DotColorDefinition",
    "Edge": "FillColor: DotColorDefinition"
  },
  "fixedsize": {
    "Node": "Size.Mode: DotNodeSizing?"
  },
  "fontcolor": {
    "Graph": "Font.Color: DotColor",
    "Cluster": "Font.Color: DotColor",
    "Node": "Font.Color: DotColor",
    "Edge": "Font.Color: DotColor"
  },
  "fontname": {
    "Graph": "Font.Name: String",
    "Cluster": "Font.Name: String",
    "Node": "Font.Name: String",
    "Edge": "Font.Name: String"
  },
  "fontnames": {
    "Graph": "Font.Convention: DotFontConvention?"
  },
  "fontpath": {
    "Graph": "Font.Directories: String"
  },
  "fontsize": {
    "Graph": "Font.Size: Double?",
    "Cluster": "Font.Size: Double?",
    "Node": "Font.Size: Double?",
    "Edge": "Font.Size: Double?"
  },
  "forcelabels": {
    "Graph": "Layout.ForceExternalLabels: Boolean?"
  },
  "gradientangle": {
    "Graph": "Canvas.GradientFillAngle: Int32?",
    "Cluster": "GradientFillAngle: Int32?",
    "Node": "GradientFillAngle: Int32?"
  },
  "group": {
    "Node": "GroupName: String"
  },
  "headclip": {
    "Edge": "Head.ClipToNodeBoundary: Boolean?"
  },
  "headhref": {
    "Edge": "Head.Hyperlink.Href: DotEscapeString"
  },
  "headlabel": {
    "Edge": "Head.Label: DotLabel"
  },
  "headport": {
    "Edge": "Head.Port: DotEndpointPort"
  },
  "headtarget": {
    "Edge": "Head.Hyperlink.Target: DotEscapeString"
  },
  "headtooltip": {
    "Edge": "Head.Hyperlink.Tooltip: DotEscapeString"
  },
  "headURL": {
    "Edge": "Head.Hyperlink.Url: DotEscapeString"
  },
  "height": {
    "Node": "Size.Height: Double?"
  },
  "href": {
    "Graph": "Hyperlink.Href: DotEscapeString",
    "Cluster": "Hyperlink.Href: DotEscapeString",
    "Node": "Hyperlink.Href: DotEscapeString",
    "Edge": "Hyperlink.Href: DotEscapeString"
  },
  "id": {
    "Graph": "ObjectId: DotEscapeString",
    "Cluster": "ObjectId: DotEscapeString",
    "Node": "ObjectId: DotEscapeString",
    "Edge": "ObjectId: DotEscapeString"
  },
  "image": {
    "Node": "Image.Path: String"
  },
  "imagepath": {
    "Graph": "ImageDirectories: String"
  },
  "imagepos": {
    "Node": "Image.Alignment: DotAlignment?"
  },
  "imagescale": {
    "Node": "Image.Scaling: DotImageScaling?"
  },
  "label": {
    "Graph": "Label: DotLabel",
    "Cluster": "Label: DotLabel",
    "Node": "Label: DotLabel",
    "Edge": "Label: DotLabel"
  },
  "labelangle": {
    "Edge": "EndpointLabels.Angle: Double?"
  },
  "labeldistance": {
    "Edge": "EndpointLabels.Distance: Double?"
  },
  "labelfloat": {
    "Edge": "EnableLabelFloating: Boolean?"
  },
  "labelfontcolor": {
    "Edge": "EndpointLabels.Font.Color: DotColor"
  },
  "labelfontname": {
    "Edge": "EndpointLabels.Font.Name: String"
  },
  "labelfontsize": {
    "Edge": "EndpointLabels.Font.Size: Double?"
  },
  "labelhref": {
    "Edge": "LabelHyperlink.Href: DotEscapeString"
  },
  "labeljust": {
    "Graph": "LabelAlignment.Horizontal: DotHorizontalAlignment?",
    "Cluster": "LabelAlignment.Horizontal: DotHorizontalAlignment?"
  },
  "labelloc": {
    "Graph": "LabelAlignment.Vertical: DotVerticalAlignment?",
    "Cluster": "LabelAlignment.Vertical: DotVerticalAlignment?",
    "Node": "LabelAlignment: DotVerticalAlignment?"
  },
  "labeltarget": {
    "Edge": "LabelHyperlink.Target: DotEscapeString"
  },
  "labeltooltip": {
    "Edge": "LabelHyperlink.Tooltip: DotEscapeString"
  },
  "labelURL": {
    "Edge": "LabelHyperlink.Url: DotEscapeString"
  },
  "landscape": {
    "Graph": "Canvas.LandscapeOrientation: Boolean?"
  },
  "layout": {
    "Graph": "Layout.Engine: String"
  },
  "len": {
    "Edge": "Length: Double?"
  },
  "lhead": {
    "Edge": "Head.ClusterId: DotClusterId"
  },
  "ltail": {
    "Edge": "Tail.ClusterId: DotClusterId"
  },
  "margin": {
    "Graph": "Canvas.Margin: DotPoint",
    "Cluster": "Padding: DotPoint",
    "Node": "Padding: DotPoint"
  },
  "mclimit": {
    "Graph": "Layout.EdgeCrossingMinimizationScaleFactor: Double?"
  },
  "minlen": {
    "Edge": "MinLength: Int32?"
  },
  "newrank": {
    "Graph": "Layout.EnableGlobalRanking: Boolean?"
  },
  "nodesep": {
    "Graph": "Layout.NodeSeparation: Double?"
  },
  "nojustify": {
    "Graph": "DisableLabelJustification: Boolean?",
    "Cluster": "DisableLabelJustification: Boolean?",
    "Node": "DisableLabelJustification: Boolean?",
    "Edge": "DisableLabelJustification: Boolean?"
  },
  "oneblock": {
    "Graph": "Layout.ForceCircularLayout: Boolean?"
  },
  "ordering": {
    "Graph": "Layout.EdgeOrderingMode: DotEdgeOrderingMode?",
    "Node": "EdgeOrderingMode: DotEdgeOrderingMode?"
  },
  "orientation": {
    "Graph": "Canvas.Orientation: DotOrientation?",
    "Node": "Geometry.Rotation: Double?"
  },
  "outputorder": {
    "Graph": "Layout.OutputOrder: DotOutputOrder?"
  },
  "pack": {
    "Graph": "Layout.Packing: DotPackingDefinition"
  },
  "packmode": {
    "Graph": "Layout.PackingMode: DotPackingModeDefinition"
  },
  "pad": {
    "Graph": "Canvas.Padding: DotPoint"
  },
  "pencolor": {
    "Graph": "Clusters.BorderColor: DotColor",
    "Cluster": "BorderColor: DotColor"
  },
  "penwidth": {
    "Graph": "Clusters.BorderWidth: Double?",
    "Cluster": "BorderWidth: Double?",
    "Node": "BorderWidth: Double?",
    "Edge": "Width: Double?"
  },
  "peripheries": {
    "Cluster": "Peripheries: Int32?",
    "Node": "Geometry.Peripheries: Int32?"
  },
  "rank": {
    "Graph": "Layout.NodeRank: DotRank?",
    "Subgraph": "NodeRank: DotRank?",
    "Cluster": "NodeRank: DotRank?"
  },
  "rankdir": {
    "Graph": "Layout.Direction: DotLayoutDirection?"
  },
  "ranksep": {
    "Graph": "Layout.RankSeparation: DotRankSeparationDefinition"
  },
  "ratio": {
    "Graph": "Canvas.Scaling: DotGraphScalingDefinition"
  },
  "regular": {
    "Node": "Geometry.Regular: Boolean?"
  },
  "remincross": {
    "Graph": "Layout.RepeatEdgeCrossingMinimization: Boolean?"
  },
  "resolution": {
    "Graph": "Canvas.Resolution: Double?"
  },
  "root": {
    "Graph": "RootNodeId: DotId",
    "Node": "IsRoot: Boolean?"
  },
  "rotate": {
    "Graph": "Canvas.OrientationAngle: Int32?"
  },
  "rotation": {
    "Graph": "Layout.Rotation: Double?"
  },
  "samehead": {
    "Edge": "Head.GroupName: String"
  },
  "sametail": {
    "Edge": "Tail.GroupName: String"
  },
  "shape": {
    "Node": "Shape: DotNodeShape?"
  },
  "sides": {
    "Node": "Geometry.Sides: Int32?"
  },
  "size": {
    "Graph": "Canvas.Size: DotPoint"
  },
  "skew": {
    "Node": "Geometry.Skew: Double?"
  },
  "sortv": {
    "Graph": "Layout.SortIndex: Int32?",
    "Cluster": "SortIndex: Int32?",
    "Node": "SortIndex: Int32?"
  },
  "splines": {
    "Graph": "EdgeShape: DotEdgeShape?"
  },
  "style": {
    "Graph": "Style: DotStyles?",
    "Cluster": "Style: DotStyles?",
    "Node": "Style: DotStyles?",
    "Edge": "Style: DotStyles?"
  },
  "stylesheet": {
    "Graph": "SvgStyleSheet.Url: String"
  },
  "tailclip": {
    "Edge": "Tail.ClipToNodeBoundary: Boolean?"
  },
  "tailhref": {
    "Edge": "Tail.Hyperlink.Href: DotEscapeString"
  },
  "taillabel": {
    "Edge": "Tail.Label: DotLabel"
  },
  "tailport": {
    "Edge": "Tail.Port: DotEndpointPort"
  },
  "tailtarget": {
    "Edge": "Tail.Hyperlink.Target: DotEscapeString"
  },
  "tailtooltip": {
    "Edge": "Tail.Hyperlink.Tooltip: DotEscapeString"
  },
  "tailURL": {
    "Edge": "Tail.Hyperlink.Url: DotEscapeString"
  },
  "target": {
    "Graph": "Hyperlink.Target: DotEscapeString",
    "Cluster": "Hyperlink.Target: DotEscapeString",
    "Node": "Hyperlink.Target: DotEscapeString",
    "Edge": "Hyperlink.Target: DotEscapeString"
  },
  "TBbalance": {
    "Graph": "Layout.FloatingNodeRank: DotRank?"
  },
  "tooltip": {
    "Graph": "Tooltip: DotEscapeString",
    "Cluster": "Tooltip: DotEscapeString",
    "Node": "Tooltip: DotEscapeString",
    "Edge": "Tooltip: DotEscapeString"
  },
  "URL": {
    "Graph": "Hyperlink.Url: DotEscapeString",
    "Cluster": "Hyperlink.Url: DotEscapeString",
    "Node": "Hyperlink.Url: DotEscapeString",
    "Edge": "Hyperlink.Url: DotEscapeString"
  },
  "viewport": {
    "Graph": "Canvas.Viewport: DotViewport"
  },
  "weight": {
    "Edge": "Weight: Double?"
  },
  "width": {
    "Node": "Size.Width: Double?"
  },
  "xlabel": {
    "Node": "ExternalLabel: DotLabel",
    "Edge": "ExternalLabel: DotLabel"
  }
}
