<td align="TEXT" balign="CENTER" bgcolor="red" border="23" cellpadding="20" cellspacing="21" color="blue" colspan="2" fixedsize="TRUE" gradientangle="15" height="10" href="https://www.google.pl" id="id" port="port name" rowspan="3" sides="RL" style="RADIAL" target="_blank" title="Title" tooltip="Tooltip" valign="BOTTOM" width="11"></td>
