<font></font><b>bold</b><i>italic</i><u>underline</u><o>overline</o><sub>subscript</sub><sup>superscript</sup><s>strikethrough</s>texttext<br align="LEFT"/><br/><br align="CENTER"/>line of text<br/>right-justified line of text<br align="RIGHT"/><font>font content</font><font color="red" face="arial" point-size="10">font content</font><font color="red" face="arial" point-size="10"><b>styled font content</b></font><font>styled font content</font><b>bold text</b>normal text<img scale="FALSE" src="image.png"/><img scale="TRUE" src="image.png"/><table><tr><td>cell</td></tr></table><hr/><hr attr="5"/><vr/><vr attr="5"/><custom-html></custom-html><custom-element>content</custom-element><custom-void-element attr="5"/><!--comment-->
