Field_1.1 | <Field_1.2Port> Field_1.2 | Field_1.3 | Field_1.4 | Field_1.5 | Field_1.6 | Field_1.7 | Field_1.8 | Field_1.9 | Field_1.10 | Field_1.11 | Field_1.12 | { Field_1.13.1 | Field_1.13.2 } | { Field_1.14.1 | Field_1.14.2 } | { Field_1.15.1 | Field_1.15.2 } | { Field_1.16.1 | Field_1.16.2 } | { Field_1.17.1 | Field_1.17.2 } | { Field_1.18.1\l | { Field_1.18.2.1 | Field_1.18.2.2 } } | { Field_1.13.1 | Field_1.13.2 }
