digraph "graph1"
{
    comment = graph_comment
    compound = true
    fillcolor = brown

    node [ color = red, label = node_label ]
    edge [ color = blue, label = edge_label ]

    subgraph "Subgraph2"
    {
    }

    subgraph "Subgraph1"
    {
    }

    subgraph "cluster Cluster2"
    {
    }

    subgraph "cluster Cluster1"
    {
    }

    "no_attributes"
    "node3" [ shape = assembly, style = bold ]
    "node1", "node2" [ shape = box, style = "bold, dashed" ]

    "no_attributes" -> "no_attributes"
    "node6":"port6":"e" -> "node7" [ color = gold, style = dotted ]
    "node4" -> { "snode1" "snode2" } -> "node5" [ constraint = true, style = solid ]
    "node1" -> "node2" -> "node3" [ color = beige, style = invis ]
    "node1", "cluster cluster1", "cluster" -> { "node3" "node4" }
}
