{
  "arrowhead": [
    "Head.Arrowhead [Edge]"
  ],
  "arrowsize": [
    "ArrowheadScale [Edge]"
  ],
  "arrowtail": [
    "Tail.Arrowhead [Edge]"
  ],
  "bgcolor": [
    "Canvas.BackgroundColor [Graph]",
    "BackgroundColor [Cluster]"
  ],
  "center": [
    "Canvas.CenterDrawing [Graph]"
  ],
  "charset": [
    "Charset [Graph]"
  ],
  "class": [
    "StyleSheet.Class [Graph, Cluster, Node, Edge]"
  ],
  "clusterrank": [
    "VisualizationMode [Graph]"
  ],
  "color": [
    "Color [Graph, Cluster, Node, Edge]"
  ],
  "colorscheme": [
    "ColorScheme [Graph, Cluster, Node, Edge]"
  ],
  "comment": [
    "Comment [Graph, Node, Edge]"
  ],
  "compound": [
    "AllowEdgeClipping [Graph]"
  ],
  "concentrate": [
    "Layout.ConcentrateEdges [Graph]"
  ],
  "constraint": [
    "Constrain [Edge]"
  ],
  "decorate": [
    "AttachLabel [Edge]"
  ],
  "dir": [
    "Directions [Edge]"
  ],
  "distortion": [
    "Geometry.Distortion [Node]"
  ],
  "dpi": [
    "Canvas.Dpi [Graph]"
  ],
  "edgehref": [
    "EdgeHyperlink.Href [Edge]"
  ],
  "edgetarget": [
    "EdgeHyperlink.Target [Edge]"
  ],
  "edgetooltip": [
    "EdgeHyperlink.Tooltip [Edge]"
  ],
  "edgeURL": [
    "EdgeHyperlink.Url [Edge]"
  ],
  "fillcolor": [
    "FillColor [Graph, Cluster, Node, Edge]"
  ],
  "fixedsize": [
    "Size.Mode [Node]"
  ],
  "fontcolor": [
    "Font.Color [Graph, Cluster, Node, Edge]"
  ],
  "fontname": [
    "Font.Name [Graph, Cluster, Node, Edge]"
  ],
  "fontpath": [
    "Font.Directories [Graph]"
  ],
  "fontsize": [
    "Font.Size [Graph, Cluster, Node, Edge]"
  ],
  "forcelabels": [
    "Layout.ForceExternalLabels [Graph]"
  ],
  "gradientangle": [
    "Canvas.GradientAngle [Graph]",
    "GradientAngle [Cluster, Node]"
  ],
  "group": [
    "GroupName [Node]"
  ],
  "headclip": [
    "Head.ClipToNodeBoundary [Edge]"
  ],
  "headhref": [
    "Head.Hyperlink.Href [Edge]"
  ],
  "headlabel": [
    "Head.Label [Edge]"
  ],
  "headport": [
    "Head.Port [Edge]"
  ],
  "headtarget": [
    "Head.Hyperlink.Target [Edge]"
  ],
  "headtooltip": [
    "Head.Hyperlink.Tooltip [Edge]"
  ],
  "headURL": [
    "Head.Hyperlink.Url [Edge]"
  ],
  "height": [
    "Size.Height [Node]"
  ],
  "href": [
    "Hyperlink.Href [Graph, Cluster, Node, Edge]"
  ],
  "id": [
    "Id [Graph, Cluster, Node, Edge]"
  ],
  "image": [
    "Image.Path [Node]"
  ],
  "imagepath": [
    "ImageDirectories [Graph]"
  ],
  "imagepos": [
    "Image.Alignment [Node]"
  ],
  "imagescale": [
    "Image.Scaling [Node]"
  ],
  "label": [
    "Label [Graph, Cluster, Node, Edge]"
  ],
  "labelangle": [
    "EndpointLabels.Angle [Edge]"
  ],
  "labeldistance": [
    "EndpointLabels.Distance [Edge]"
  ],
  "labelfloat": [
    "AllowLabelFloat [Edge]"
  ],
  "labelfontcolor": [
    "EndpointLabels.Font.Color [Edge]"
  ],
  "labelfontname": [
    "EndpointLabels.Font.Name [Edge]"
  ],
  "labelfontsize": [
    "EndpointLabels.Font.Size [Edge]"
  ],
  "labelhref": [
    "LabelHyperlink.Href [Edge]"
  ],
  "labeljust": [
    "LabelAlignment.Horizontal [Graph, Cluster]"
  ],
  "labelloc": [
    "LabelAlignment.Vertical [Graph, Cluster]",
    "LabelAlignment [Node]"
  ],
  "labeltarget": [
    "LabelHyperlink.Target [Edge]"
  ],
  "labeltooltip": [
    "LabelHyperlink.Tooltip [Edge]"
  ],
  "labelURL": [
    "LabelHyperlink.Url [Edge]"
  ],
  "landscape": [
    "Canvas.Landscape [Graph]"
  ],
  "layout": [
    "Layout.Engine [Graph]"
  ],
  "len": [
    "Length [Edge]"
  ],
  "lhead": [
    "Head.ClusterId [Edge]"
  ],
  "ltail": [
    "Tail.ClusterId [Edge]"
  ],
  "margin": [
    "Canvas.Margin [Graph]",
    "Padding [Cluster, Node]"
  ],
  "minlen": [
    "MinLength [Edge]"
  ],
  "newrank": [
    "Layout.GlobalRanking [Graph]"
  ],
  "nodesep": [
    "Layout.NodeSeparation [Graph]"
  ],
  "ordering": [
    "Layout.EdgeOrderingMode [Graph]",
    "EdgeOrderingMode [Node]"
  ],
  "orientation": [
    "Canvas.Orientation [Graph]",
    "Geometry.Rotation [Node]"
  ],
  "pack": [
    "Layout.Packing [Graph]"
  ],
  "packmode": [
    "Layout.PackingMode [Graph]"
  ],
  "pad": [
    "Canvas.Padding [Graph]"
  ],
  "pencolor": [
    "BorderColor [Graph, Cluster]"
  ],
  "penwidth": [
    "BorderWidth [Graph, Cluster, Node]",
    "Width [Edge]"
  ],
  "peripheries": [
    "Peripheries [Cluster]",
    "Geometry.Peripheries [Node]"
  ],
  "rank": [
    "Rank [Graph, Subgraph]"
  ],
  "rankdir": [
    "Layout.Direction [Graph]"
  ],
  "ranksep": [
    "Layout.RankSeparation [Graph]"
  ],
  "ratio": [
    "Canvas.Scaling [Graph]"
  ],
  "regular": [
    "Geometry.Regular [Node]"
  ],
  "remincross": [
    "Layout.DoubleCrossingMinimization [Graph]"
  ],
  "resolution": [
    "Canvas.Resolution [Graph]"
  ],
  "root": [
    "RootNodeId [Graph]",
    "IsRoot [Node]"
  ],
  "rotate": [
    "Canvas.OrientationAngle [Graph]"
  ],
  "rotation": [
    "Layout.Rotation [Graph]"
  ],
  "samehead": [
    "Head.GroupName [Edge]"
  ],
  "sametail": [
    "Tail.GroupName [Edge]"
  ],
  "shape": [
    "Shape [Node]"
  ],
  "sides": [
    "Geometry.Sides [Node]"
  ],
  "size": [
    "Canvas.Size [Graph]"
  ],
  "skew": [
    "Geometry.Skew [Node]"
  ],
  "sortv": [
    "Layout.SortIndex [Graph]",
    "SortIndex [Cluster, Node]"
  ],
  "splines": [
    "EdgeShape [Graph]"
  ],
  "style": [
    "Style [Graph, Cluster, Node, Edge]"
  ],
  "stylesheet": [
    "StyleSheet.Url [Graph]"
  ],
  "tailclip": [
    "Tail.ClipToNodeBoundary [Edge]"
  ],
  "tailhref": [
    "Tail.Hyperlink.Href [Edge]"
  ],
  "taillabel": [
    "Tail.Label [Edge]"
  ],
  "tailport": [
    "Tail.Port [Edge]"
  ],
  "tailtarget": [
    "Tail.Hyperlink.Target [Edge]"
  ],
  "tailtooltip": [
    "Tail.Hyperlink.Tooltip [Edge]"
  ],
  "tailURL": [
    "Tail.Hyperlink.Url [Edge]"
  ],
  "target": [
    "Hyperlink.Target [Graph, Cluster, Node, Edge]"
  ],
  "tooltip": [
    "Tooltip [Cluster, Node, Edge]"
  ],
  "URL": [
    "Hyperlink.Url [Graph, Cluster, Node, Edge]"
  ],
  "weight": [
    "Weight [Edge]"
  ],
  "width": [
    "Size.Width [Node]"
  ],
  "xlabel": [
    "ExternalLabel [Node, Edge]"
  ]
}
