{
  "bgcolor": "BackgroundColor",
  "color": "Color",
  "colorscheme": "ColorScheme",
  "fillcolor": "FillColor",
  "fontcolor": "Font.Color",
  "fontname": "Font.Name",
  "fontsize": "Font.Size",
  "gradientangle": "GradientAngle",
  "href": "Hyperlink.Href",
  "label": "Label",
  "labeljust": "HorizontalLabelAlignment",
  "labelloc": "VerticalLabelAlignment",
  "margin": "Margin",
  "pencolor": "BorderColor",
  "penwidth": "BorderWidth",
  "peripheries": "Peripheries",
  "sortv": "SortIndex",
  "target": "Hyperlink.Target",
  "tooltip": "Tooltip",
  "URL": "Hyperlink.Url"
}
