{
  "arrowhead": "Head.Arrowhead",
  "arrowsize": "ArrowheadScale",
  "arrowtail": "Tail.Arrowhead",
  "color": "Color",
  "colorscheme": "ColorScheme",
  "comment": "Comment",
  "constraint": "Constrain",
  "decorate": "AttachLabel",
  "dir": "Directions",
  "edgehref": "EdgeHyperlink.Href",
  "edgetarget": "EdgeHyperlink.Target",
  "edgetooltip": "EdgeHyperlink.Tooltip",
  "edgeURL": "EdgeHyperlink.Url",
  "fillcolor": "FillColor",
  "fontcolor": "Font.Color",
  "fontname": "Font.Name",
  "fontsize": "Font.Size",
  "headclip": "Head.ClipToNodeBoundary",
  "headhref": "Head.Hyperlink.Href",
  "headlabel": "Head.Label",
  "headport": "Head.Port",
  "headtarget": "Head.Hyperlink.Target",
  "headtooltip": "Head.Hyperlink.Tooltip",
  "headURL": "Head.Hyperlink.Url",
  "href": "Hyperlink.Href",
  "label": "Label",
  "labelangle": "EndpointLabels.Angle",
  "labeldistance": "EndpointLabels.Distance",
  "labelfloat": "AllowLabelFloat",
  "labelfontcolor": "EndpointLabels.Font.Color",
  "labelfontname": "EndpointLabels.Font.Name",
  "labelfontsize": "EndpointLabels.Font.Size",
  "labelhref": "LabelHyperlink.Href",
  "labeltarget": "LabelHyperlink.Target",
  "labeltooltip": "LabelHyperlink.Tooltip",
  "labelURL": "LabelHyperlink.Url",
  "len": "Length",
  "lhead": "Head.ClusterId",
  "ltail": "Tail.ClusterId",
  "minlen": "MinLength",
  "penwidth": "Width",
  "samehead": "Head.GroupName",
  "sametail": "Tail.GroupName",
  "tailclip": "Tail.ClipToNodeBoundary",
  "tailhref": "Tail.Hyperlink.Href",
  "taillabel": "Tail.Label",
  "tailport": "Tail.Port",
  "tailtarget": "Tail.Hyperlink.Target",
  "tailtooltip": "Tail.Hyperlink.Tooltip",
  "tailURL": "Tail.Hyperlink.Url",
  "target": "Hyperlink.Target",
  "tooltip": "Tooltip",
  "URL": "Hyperlink.Url",
  "weight": "Weight",
  "xlabel": "ExternalLabel"
}
