{
  "bgcolor": "BackgroundColor",
  "center": "Center",
  "charset": "Charset",
  "colorscheme": "ColorScheme",
  "comment": "Comment",
  "concentrate": "ConcentrateEdges",
  "dpi": "Dpi",
  "fontcolor": "Font.Color",
  "fontname": "Font.Name",
  "fontpath": "Font.Directories",
  "fontsize": "Font.Size",
  "forcelabels": "ForceExternalLabels",
  "gradientangle": "GradientAngle",
  "href": "Hyperlink.Href",
  "imagepath": "ImageDirectories",
  "label": "Label",
  "labeljust": "HorizontalLabelAlignment",
  "labelloc": "VerticalLabelAlignment",
  "landscape": "LandscapeOrientation",
  "margin": "Margin",
  "nodesep": "NodeSeparation",
  "ordering": "EdgeOrderingMode",
  "orientation": "Orientation",
  "pack": "Packing",
  "packmode": "PackingMode",
  "pad": "Padding",
  "rankdir": "LayoutDirection",
  "ranksep": "RankSeparation",
  "ratio": "Scaling",
  "resolution": "Resolution",
  "rotate": "Rotation",
  "size": "Size",
  "sortv": "SortIndex",
  "splines": "EdgeShape",
  "target": "Hyperlink.Target",
  "URL": "Hyperlink.Url"
}
