{
  "color": "Color",
  "colorscheme": "ColorScheme",
  "comment": "Comment",
  "distortion": "Geometry.Distortion",
  "fillcolor": "FillColor",
  "fixedsize": "Sizing",
  "fontcolor": "Font.Color",
  "fontname": "Font.Name",
  "fontsize": "Font.Size",
  "gradientangle": "GradientAngle",
  "group": "GroupName",
  "height": "Height",
  "href": "Hyperlink.Href",
  "image": "Image.Path",
  "imagepos": "Image.Alignment",
  "imagescale": "Image.Scaling",
  "label": "Label",
  "labelloc": "VerticalLabelAlignment",
  "margin": "Margin",
  "ordering": "EdgeOrderingMode",
  "orientation": "Geometry.Rotation",
  "penwidth": "BorderWidth",
  "peripheries": "Geometry.Peripheries",
  "regular": "Geometry.Regular",
  "shape": "Shape",
  "sides": "Geometry.Sides",
  "skew": "Geometry.Skew",
  "sortv": "SortIndex",
  "target": "Hyperlink.Target",
  "tooltip": "Tooltip",
  "URL": "Hyperlink.Url",
  "width": "Width",
  "xlabel": "ExternalLabel"
}
