<table align="RIGHT" bgcolor="red:blue" border="23" cellborder="22" cellpadding="20" cellspacing="21" color="blue" columns="column format" fixedsize="FALSE" gradientangle="15" height="10" href="https://www.google.pl" id="id" port="port name" rows="row format" sides="RL" style="RADIAL, ROUNDED" target="_blank" title="Title" tooltip="Tooltip" valign="TOP" width="11"></table>
