Indentation
CommentStart
Space
CommentText
LineBreak
Indentation
Keyword
Space
Identifier
LineBreak
Indentation
BlockStart
LineBreak
Indentation
BlockCommentStart
Space
BlockCommentText
Space
BlockCommentEnd
LineBreak
LineBreak
Indentation
CommentStart
Space
CommentText
LineBreak
Indentation
Identifier
Space
ValueAssignmentOperator
Space
QuotationStart
Value
QuotationEnd
LineBreak
LineBreak
Indentation
CommentStart
Space
CommentText
LineBreak
Indentation
Keyword
Space
AttributeListStart
Space
Identifier
Space
ValueAssignmentOperator
Space
Value
Space
AttributeListEnd
LineBreak
Indentation
CommentStart
Space
CommentText
LineBreak
Indentation
Keyword
Space
AttributeListStart
Space
Identifier
Space
ValueAssignmentOperator
Space
Value
Space
AttributeListEnd
LineBreak
LineBreak
Indentation
BlockCommentStart
Space
BlockCommentText
Space
BlockCommentEnd
LineBreak
LineBreak
Indentation
CommentStart
Space
CommentText
LineBreak
Indentation
Identifier
Space
AttributeListStart
Space
BlockCommentStart
Space
BlockCommentText
Space
BlockCommentEnd
Space
BlockCommentStart
Space
BlockCommentText
Space
BlockCommentEnd
Space
Identifier
Space
ValueAssignmentOperator
Space
Value
Space
AttributeListEnd
LineBreak
LineBreak
Indentation
BlockCommentStart
Space
BlockCommentText
Space
BlockCommentEnd
LineBreak
LineBreak
Indentation
CommentStart
Space
CommentText
LineBreak
Indentation
BlockCommentStart
Space
BlockCommentText
Space
BlockCommentEnd
Space
Identifier
Space
DirectedEdge
Space
BlockCommentStart
Space
BlockCommentText
Space
BlockCommentEnd
Space
Identifier
Space
AttributeListStart
Space
BlockCommentStart
Space
BlockCommentText
Space
BlockCommentEnd
Space
BlockCommentStart
Space
BlockCommentText
Space
BlockCommentEnd
Space
Identifier
Space
ValueAssignmentOperator
Space
Value
Space
AttributeListEnd
LineBreak
LineBreak
Indentation
BlockCommentStart
Space
BlockCommentText
Space
BlockCommentEnd
LineBreak
LineBreak
Indentation
BlockCommentStart
Space
BlockCommentText
Space
BlockCommentEnd
LineBreak
LineBreak
Indentation
CommentStart
Space
CommentText
LineBreak
Indentation
BlockStart
LineBreak
Indentation
BlockEnd
LineBreak
LineBreak
Indentation
BlockCommentStart
Space
BlockCommentText
Space
BlockCommentEnd
LineBreak
LineBreak
Indentation
CommentStart
Space
CommentText
LineBreak
Indentation
Keyword
Space
QuotationStart
Identifier
QuotationEnd
LineBreak
Indentation
BlockStart
LineBreak
Indentation
BlockEnd
LineBreak
Indentation
BlockEnd
