// GRAPH
DIGRAPH GRAPH1
{
    /* GRAPH ATTRIBUTES */

    // COMMENT
    COMMENT = COMMENT
    // LABEL
    LABEL = "FOO GRAPH"

    // GLOBAL NODE ATTRIBUTES
    NODE [ DISTORTION = 2, SHAPE = RECTANGLE ]
    // GLOBAL EDGE ATTRIBUTES
    EDGE [ ARROWHEAD = CURVE ]

    /* NODES */

    // NODE COMMENT
    FOO [ /* NODE ATTRIBUTES */  /* LABEL */ LABEL = FOO ]
    // NODE GROUP COMMENT
    FOO, BAR, BAZ [ /* NODE GROUP ATTRIBUTES */  /* LABEL */ LABEL = FOO ]

    /* EDGES */

    // EDGE COMMENT
    /* TAIL */ FOO -> /* HEAD */ BAR [ /* EDGE ATTRIBUTES */  /* COLOR */ COLOR = RED ]
    // EDGE SEQUENCE COMMENT
    /* ENDPOINT 1 */ FOO -> /* ENDPOINT 2 */ BAR -> /* ENDPOINT 3 */ BAZ [ /* EDGE SEQUENCE ATTRIBUTES */  /* COLOR */ COLOR = RED ]

    /* SUBSECTION 1 */

    /* SUBGRAPHS */

    // SUBGRAPH
    {
    }

    /* CLUSTERS */

    // CLUSTER
    SUBGRAPH "CLUSTER CLUSTER 1"
    {
    }
}
